// Jest Snapshot v1, https://goo.gl/fbAQLP

exports[`Test text field should work 1`] = `
<div
  class="v-input v-text-field theme--light"
>
  <div
    class="v-input__control"
  >
    <div
      class="v-input__slot"
    >
      <div
        class="v-text-field__slot"
      >
        <input
          maxlength="5"
          type="text"
        />
      </div>
    </div>
    <div
      class="v-text-field__details"
    >
      <div
        class="v-messages theme--light"
      >
        <div
          class="v-messages__wrapper"
        />
      </div>
    </div>
  </div>
</div>
`;
